============================= test session starts =============================
platform win32 -- Python 3.13.1, pytest-9.0.2, pluggy-1.6.0 -- C:\YT-BILI\YT-BILI\.venv\Scripts\python.exe
cachedir: .pytest_cache
rootdir: C:\YT-BILI\YT-BILI
plugins: anyio-4.13.0
collecting ... collected 2 items

tests/test_cover_processor.py::test_cover_generation_basic FAILED
tests/test_cover_processor.py::test_summary_fallback PASSED

================================== FAILURES ===================================
_________________________ test_cover_generation_basic _________________________

    def test_cover_generation_basic():
        """Tests if the cover processor can resize and draw text without crashing."""
        processor = CoverProcessor(test_config)
    
        # Create a dummy white image
        from PIL import Image
        dummy_input = "test_input.jpg"
        dummy_output = "test_output.jpg"
    
        img = Image.new('RGB', (100, 100), color=(255, 255, 255))
        img.save(dummy_input)
    
        try:
            success = processor.generate_cover(dummy_input, "\u6d4b\u8bd5", dummy_output)
            assert success is True
            assert os.path.exists(dummy_output)
    
            # Verify size
            final_img = Image.open(dummy_output)
            assert final_img.size == (1920, 1080)
        finally:
            # Cleanup
            if os.path.exists(dummy_input): os.remove(dummy_input)
>           if os.path.exists(dummy_output): os.remove(dummy_output)
                                             ^^^^^^^^^^^^^^^^^^^^^^^
E           PermissionError: [WinError 32] The process cannot access the file because it is being used by another process: 'test_output.jpg'

tests\test_cover_processor.py:36: PermissionError
=========================== short test summary info ===========================
FAILED tests/test_cover_processor.py::test_cover_generation_basic - Permissio...
========================= 1 failed, 1 passed in 1.81s =========================
